2025-03-20 14:11:52 - INFO - ISAPC analysis started, target: data/MUSE/VCC1588_stack.fits
2025-03-20 14:11:52 - INFO - Parameters: redshift=0.0042, wavelength range=None, mode=ALL
2025-03-20 14:11:52 - INFO - Data loaded in 0.3 seconds
2025-03-20 14:11:52 - INFO - Using wavelength range: (4830.830511850229, 5206.632144991037)
2025-03-20 14:11:52 - INFO - Automatically selected template: templates\spectra_emiles_9.0.npz
2025-03-20 14:17:19 - ERROR - Error during analysis: index 0 is out of bounds for axis 0 with size 0
2025-03-20 14:17:19 - ERROR - Traceback (most recent call last):
  File "E:\ProGram\Dr.Zheng\2024NAOC-IUS\Wkp\2024-NAOC-IUSpectrum\ISAPC\main.py", line 154, in main
    run_vnb_analysis(args, cube, p2p_results)
  File "E:\ProGram\Dr.Zheng\2024NAOC-IUS\Wkp\2024-NAOC-IUSpectrum\ISAPC\analysis\voronoi.py", line 98, in run_vnb_analysis
    bin_num, x_gen, y_gen, sn, n_pixels, scale = run_voronoi_binning(
                                                 ^^^^^^^^^^^^^^^^^^^^
  File "E:\ProGram\Dr.Zheng\2024NAOC-IUS\Wkp\2024-NAOC-IUSpectrum\ISAPC\binning.py", line 180, in run_voronoi_binning
    result = voronoi_2d_binning(
             ^^^^^^^^^^^^^^^^^^^
  File "C:\ProgramData\Anaconda3\envs\Ast_py_311\Lib\site-packages\vorbin\voronoi_2d_binning.py", line 589, in voronoi_2d_binning
    xnode, ynode = _reassign_bad_bins(classe, x, y)
                   ^^^^^^^^^^^^^^^^^^^^^^^^^^^^^^^^
  File "C:\ProgramData\Anaconda3\envs\Ast_py_311\Lib\site-packages\vorbin\voronoi_2d_binning.py", line 236, in _reassign_bad_bins
    classe[bad] = good[index]
                  ~~~~^^^^^^^
IndexError: index 0 is out of bounds for axis 0 with size 0

