2025-03-16 17:50:01 - INFO - ISAPC 分析开始，目标: data/MUSE/VCC1588_stack.fits
2025-03-16 17:50:01 - INFO - 参数: 红移=0.0042, 波长范围=None, 模式=P2P
2025-03-16 17:50:02 - INFO - 数据加载完成，用时 0.3 秒
2025-03-16 17:50:02 - INFO - 使用波长范围: (4851.12, 5228.5)
2025-03-16 17:50:02 - INFO - 自动选择模板: templates\spectra_emiles_9.0.npz
2025-03-16 17:50:02 - INFO - 开始像素级分析...
2025-03-16 17:51:19 - INFO - 恒星成分拟合完成，用时 77.9 秒
2025-03-16 17:51:21 - ERROR - 分析过程中出错: all the input array dimensions except for the concatenation axis must match exactly, but along dimension 0, the array at index 0 has size 93770 and the array at index 1 has size 2070
2025-03-16 17:51:21 - ERROR - joblib.externals.loky.process_executor._RemoteTraceback: 
"""
Traceback (most recent call last):
  File "C:\ProgramData\Anaconda3\envs\Ast_py_311\Lib\site-packages\joblib\externals\loky\process_executor.py", line 463, in _process_worker
    r = call_item()
        ^^^^^^^^^^^
  File "C:\ProgramData\Anaconda3\envs\Ast_py_311\Lib\site-packages\joblib\externals\loky\process_executor.py", line 291, in __call__
    return self.fn(*self.args, **self.kwargs)
           ^^^^^^^^^^^^^^^^^^^^^^^^^^^^^^^^^^
  File "C:\ProgramData\Anaconda3\envs\Ast_py_311\Lib\site-packages\joblib\parallel.py", line 598, in __call__
    return [func(*args, **kwargs)
           ^^^^^^^^^^^^^^^^^^^^^^
  File "C:\ProgramData\Anaconda3\envs\Ast_py_311\Lib\site-packages\joblib\parallel.py", line 598, in <listcomp>
    return [func(*args, **kwargs)
            ^^^^^^^^^^^^^^^^^^^^^
  File "E:\ProGram\Dr.Zheng\2024NAOC-IUS\Wkp\2024-NAOC-IUSpectrum\ISAPC\muse.py", line 464, in fit_spaxel_emission
    all_templates = np.column_stack([optimal_template_short.reshape(-1, 1), gas_templates])
                    ^^^^^^^^^^^^^^^^^^^^^^^^^^^^^^^^^^^^^^^^^^^^^^^^^^^^^^^^^^^^^^^^^^^^^^^
  File "C:\ProgramData\Anaconda3\envs\Ast_py_311\Lib\site-packages\numpy\lib\_shape_base_impl.py", line 662, in column_stack
    return _nx.concatenate(arrays, 1)
           ^^^^^^^^^^^^^^^^^^^^^^^^^^
ValueError: all the input array dimensions except for the concatenation axis must match exactly, but along dimension 0, the array at index 0 has size 93770 and the array at index 1 has size 2070
"""

The above exception was the direct cause of the following exception:

Traceback (most recent call last):
  File "E:\ProGram\Dr.Zheng\2024NAOC-IUS\Wkp\2024-NAOC-IUSpectrum\ISAPC\main.py", line 740, in main
    p2p_results = run_p2p_analysis(args, cube)
                  ^^^^^^^^^^^^^^^^^^^^^^^^^^^^
  File "E:\ProGram\Dr.Zheng\2024NAOC-IUS\Wkp\2024-NAOC-IUSpectrum\ISAPC\main.py", line 102, in run_p2p_analysis
    emission_result = cube.fit_emission_lines(n_jobs=args.n_jobs)
                      ^^^^^^^^^^^^^^^^^^^^^^^^^^^^^^^^^^^^^^^^^^^
  File "E:\ProGram\Dr.Zheng\2024NAOC-IUS\Wkp\2024-NAOC-IUSpectrum\ISAPC\muse.py", line 543, in fit_emission_lines
    fit_results = ParallelTqdm(
                  ^^^^^^^^^^^^^
  File "E:\ProGram\Dr.Zheng\2024NAOC-IUS\Wkp\2024-NAOC-IUSpectrum\ISAPC\utils\parallel.py", line 72, in __call__
    return super().__call__(iterable)
           ^^^^^^^^^^^^^^^^^^^^^^^^^^
  File "C:\ProgramData\Anaconda3\envs\Ast_py_311\Lib\site-packages\joblib\parallel.py", line 2007, in __call__
    return output if self.return_generator else list(output)
                                                ^^^^^^^^^^^^
  File "C:\ProgramData\Anaconda3\envs\Ast_py_311\Lib\site-packages\joblib\parallel.py", line 1650, in _get_outputs
    yield from self._retrieve()
  File "C:\ProgramData\Anaconda3\envs\Ast_py_311\Lib\site-packages\joblib\parallel.py", line 1754, in _retrieve
    self._raise_error_fast()
  File "C:\ProgramData\Anaconda3\envs\Ast_py_311\Lib\site-packages\joblib\parallel.py", line 1789, in _raise_error_fast
    error_job.get_result(self.timeout)
  File "C:\ProgramData\Anaconda3\envs\Ast_py_311\Lib\site-packages\joblib\parallel.py", line 745, in get_result
    return self._return_or_raise()
           ^^^^^^^^^^^^^^^^^^^^^^^
  File "C:\ProgramData\Anaconda3\envs\Ast_py_311\Lib\site-packages\joblib\parallel.py", line 763, in _return_or_raise
    raise self._result
ValueError: all the input array dimensions except for the concatenation axis must match exactly, but along dimension 0, the array at index 0 has size 93770 and the array at index 1 has size 2070

